{'station': 'Indiranagar', 'destination': '12th main indiranagar', 'resolved_destination': '12th main indiranagar', 'destination_provider': 'OpenStreetMap', 'destination_ambiguous': False, 'exit': 'Exit C', 'exit_selection_reason': 'shortest OpenRouteService walking route from available station access points', 'exit_data_verified': True, 'distance': '1.61 km', 'distance_km': 1.61, 'walking_distance': '1.2 km', 'walking_distance_km': 1.2, 'walking_time': '14 mins', 'walking_minutes': 14, 'vehicle_distance': '1.61 km', 'vehicle_distance_km': 1.61, 'vehicle_time': '2 mins', 'vehicle_minutes': 2, 'suggestion': 'Auto', 'provider': 'OpenRouteService', 'openrouteservice_ready': True, 'accuracy_note': 'Calculated with OpenRouteService using verified station exit coordinates.', 'exit_options': [{'exit': 'Exit C', 'auto_generated': False, 'walking_distance_km': 1.2, 'walking_minutes': 14}, {'exit': 'Exit B', 'auto_generated': False, 'walking_distance_km': 1.25, 'walking_minutes': 15}, {'exit': 'Exit A', 'auto_generated': False, 'walking_distance_km': 1.33, 'walking_minutes': 16}]}